libgcc-4.8.5-44.el7.x86_64 1601433759 179272 e4efbc19aadbde022dd8a1eb4b585087 installed
setup-2.8.71-11.el7.noarch 1585715374 697141 ea06d9c1b2cf1331a82dac83e55e0b60 installed
basesystem-10.0-7.el7.centos.noarch 1403865430 0 778eb3d19a934f42d1354ed795d06b4f installed
perl-srpm-macros-1-8.el7.noarch 1402343091 794 6bd0791a143b53addc95cbeb050859c8 installed
tzdata-2024a-1.el7.noarch 1707923061 1915955 8c06cb2d972790cc3bfd8887e36c98d0 installed
glibc-common-2.17-326.el7_9.3.x86_64 1717513546 226621529 7b1159ec0354028a1318fe5d0d9f0234 installed
nspr-4.35.0-1.el7_9.x86_64 1697122792 291688 48118b744589e3b5d8c93cfbb466490e installed
libstdc++-4.8.5-44.el7.x86_64 1601433759 1081666 4bf771ddbb632e6b6da76cc3bd14e425 installed
bash-4.2.46-35.el7_9.x86_64 1637771749 3667724 3effabfcf31212fcf2b1b82c65c37de3 installed
pcre-8.32-17.el7.x86_64 1501643292 1475532 04a1926cc29eef0f79f8183eb7907024 installed
zlib-1.2.7-21.el7_9.x86_64 1678200548 185206 d2f66423819d9280bafa2fd574987aae installed
bzip2-libs-1.0.6-13.el7.x86_64 1447995892 70093 0486f0b02e0caa4195761266798e7a26 installed
elfutils-libelf-0.176-5.el7.x86_64 1601569823 916150 c45c186cf049050f6df0210fbbe3ca82 installed
sed-4.2.2-7.el7.x86_64 1601487357 601267 4523ac99048091e140e598af1d653721 installed
popt-1.13-16.el7.x86_64 1402373003 88516 87f5d6bac8f205fb14e2072e4b47ce23 installed
libacl-2.2.51-15.el7.x86_64 1585707377 37064 d3435c79733c964eb141830587d52eb6 installed
readline-6.2-11.el7.x86_64 1565266059 460424 f45c914245b90ee8c80c08740ef19837 installed
libgcrypt-1.5.3-14.el7.x86_64 1501689307 597727 88c64dc7c3aed6a156e4dee5def38300 installed
chkconfig-1.7.6-1.el7.x86_64 1602604010 779655 d118157f4ea930eba79b3875990b1fe7 installed
grep-2.20-3.el7.x86_64 1501743524 1195131 92bc957d1c4fc3764e134d8f82544abe installed
libuuid-2.23.2-65.el7_9.1.x86_64 1612283515 20278 01d1282604566ddad6b1360861dbcf49 installed
libmpc-1.0.1-3.el7.x86_64 1402343098 113833 835abbe42dbf1e0f94d227d54c01f483 installed
gawk-4.0.2-4.el7_3.1.x86_64 1498686770 2435978 5efa8feaeb12d57cda1a9bcd9c8af917 installed
diffutils-3.3-6.el7_9.x86_64 1678200523 1065295 34ff4a2993c7371acc415405bd00f00d installed
file-libs-5.11-37.el7.x86_64 1601482103 3076741 0919ae038ea6cea885f1643c0f876664 installed
libcap-ng-0.7.5-4.el7.x86_64 1448001510 50510 84efa5ca78408f78e606e7c8d1816759 installed
p11-kit-0.23.5-3.el7.x86_64 1501889820 1337825 9a0f49ca3b6d58aeb05780003cae38f1 installed
nss-softokn-3.90.0-6.el7_9.x86_64 1697634121 1490440 7e7fc8787c8db4fddeab102765b248e1 installed
gdbm-1.10-8.el7.x86_64 1402349948 184322 770bd49f3898dc1cc831fb9ec12d569a installed
file-5.11-37.el7.x86_64 1601482103 67368 17bacde6c0399ce011dc390b48fda094 installed
pinentry-0.8.1-17.el7.x86_64 1478360967 159929 740fabe008451f11fee22ff086fb13d3 installed
acl-2.2.51-15.el7.x86_64 1585707377 201209 ca945ffcb793aa5f88ce8a2b9ba82753 installed
groff-base-1.22.2-8.el7.x86_64 1402345046 3453946 591d2a12420abc9fa9934414fc0987f4 installed
perl-HTTP-Tiny-0.033-3.el7.noarch 1402347217 97210 6133c7c1aee2bfeee269de4592b25884 installed
perl-Pod-Perldoc-3.20-4.el7.noarch 1402388270 166910 29a8a33b24ddf4e0e95ad8d2484cc277 installed
perl-Text-ParseWords-3.29-4.el7.noarch 1402348486 16431 58a96328cb0e6dd435d15af542467a38 installed
perl-Pod-Usage-1.63-3.el7.noarch 1402390579 44671 1db34851ba13011739022f031438e15c installed
perl-threads-1.87-4.el7.x86_64 1402377734 98615 29739d2f766c8bd85e85de9f8ccb7367 installed
perl-Carp-1.26-244.el7.noarch 1402362759 28276 0f9ffc1d8836311235869048667422e9 installed
perl-Exporter-5.68-3.el7.noarch 1402373350 56612 d6e7deb74b149e4b7aa23a998a127bb4 installed
perl-Socket-2.010-5.el7.x86_64 1585713790 114497 978a2da5b65bb1f2b500d0da90e80f8b installed
perl-Time-Local-1.2300-2.el7.noarch 1402342290 44062 8dba0f2d49849dc3990cfc9e91d5ec6b installed
perl-File-Path-2.09-2.el7.noarch 1402361289 50067 94d54ef6ce6893ae2a4400c4b0ce79b7 installed
perl-threads-shared-1.43-6.el7.x86_64 1402380447 73972 cd3e1ec9dfe8b5e9121fcd53b41aa197 installed
perl-libs-4:5.16.3-299.el7_9.x86_64 1612283772 1647320 bac9a80208be808863c4025a5eabd9da installed
perl-Getopt-Long-2.40-3.el7.noarch 1523406856 134846 e4fc3f2fed36897ae178ecd5d9475217 installed
perl-Thread-Queue-3.02-2.el7.noarch 1402347633 27642 29d052232cb1b86133bd838739672a15 installed
dwz-0.11-3.el7.x86_64 1402363547 225103 28a047bc76d0ad80e6938a94898129ca installed
libxml2-2.9.1-6.el7_9.6.x86_64 1634832935 1706142 f6b4d8cf5482c93969ce37ee33cf209c installed
unzip-6.0-24.el7_9.x86_64 1642092746 378162 d79ce1ee4c4ee0d4d0b9bccbe73f2b9e installed
libidn-1.28-4.el7.x86_64 1448125248 630407 3d582106ac1032c59c1cd4236e5d6415 installed
glibc-headers-2.17-326.el7_9.3.x86_64 1717513546 2342563 99d97bff02460c3bf87744a3da421a1a installed
ncurses-5.9-14.20130511.el7_4.x86_64 1504735709 439378 8ca93e2831102818759a22e22e871268 installed
pth-2.0.7-23.el7.x86_64 1448007112 267851 2d6939b73767d0f96b02677bcbeef2e2 installed
ustr-1.0.4-16.el7.x86_64 1402344766 285943 58bb2ebb64b048e24a4c7d5d51170f55 installed
libverto-0.2.5-4.el7.x86_64 1402386261 23060 341bae036f22ce087486f4d9e180caee installed
p11-kit-trust-0.23.5-3.el7.x86_64 1501889820 437261 2dc2f7ab212401098e8821ce23f21741 installed
hardlink-1:1.0-19.el7.x86_64 1402381564 16545 3a1bcd8e12bbdbced75d74b5919a039a installed
keyutils-libs-1.5.8-3.el7.x86_64 1402366675 42138 e31fa37a714787d3d72e0a9316c3a85b installed
coreutils-8.22-24.el7_9.2.x86_64 1605565499 14594210 21873db92cb3c945747024de6b034910 installed
libblkid-2.23.2-65.el7_9.1.x86_64 1612283515 265925 86fcddd4998b8a8559299d9e1ab02424 installed
cracklib-2.9.0-11.el7.x86_64 1402378933 209610 a973d883d6785904e49266428bb3ed90 installed
glib2-2.56.1-9.el7_9.x86_64 1623255133 12174105 580cf60d7017ca850ce749d5e9596352 installed
shadow-utils-2:4.6-5.el7.x86_64 1565319063 3887289 975b2bbe58a4f03ef8c9b8159b59af7f installed
pkgconfig-1:0.27.1-4.el7.x86_64 1402351548 105522 ef58117c9c617599952c0642ff5e8d00 installed
pam-1.1.8-23.el7.x86_64 1585713659 2632373 4a759efcb0060afe29709c051707f971 installed
gcc-4.8.5-44.el7.x86_64 1601433759 39226437 5a93652497b3c8a82e73c2ad1ce4109f installed
cyrus-sasl-lib-2.1.26-24.el7_9.x86_64 1645709263 396919 147d094b00df6d5b27a318e66e06f1bc installed
nss-3.90.0-2.el7_9.x86_64 1697721469 2602849 37c7355a419eaaa22476ecd2ee09ad8a installed
nss-tools-3.90.0-2.el7_9.x86_64 1697721469 2298363 95f6569f85691e8e5bd21d9092c2f7d1 installed
gdb-7.6.1-120.el7.x86_64 1601482700 7375630 d972171eeec1e05c2ec958c5afd2581b installed
libcurl-7.29.0-59.el7_9.2.x86_64 1702484661 439304 bad6689f293cd243b3c78e08fdd89cfe installed
rpm-libs-4.11.3-48.el7_9.x86_64 1637771619 615464 4795540bb6e6f1c4934f029445c7b5b2 installed
openldap-2.4.44-25.el7_9.x86_64 1645636356 1037056 e9f7c2195fb6db4381b991898a4aec55 installed
gnupg2-2.0.22-5.el7_5.x86_64 1531487214 6637796 a293dfefd6596bfe5c54ba68377e334e installed
json-c-0.11-4.el7_0.x86_64 1403612338 65593 62bcb642b82d3b3aeb99ba9ba1b40715 installed
procps-ng-3.3.10-28.el7.x86_64 1601486497 759395 827044eba1dd3f5fd8fbb2ad9911fb06 installed
kpartx-0.4.9-136.el7_9.x86_64 1668612098 41267 3f6282ffc25caefd82ca4e4f2b144af7 installed
cryptsetup-libs-2.0.3-6.el7.x86_64 1585707796 1219519 61f488ba5b278e434e4558e750b17127 installed
kmod-20-28.el7.x86_64 1585709895 247868 177062346afeda2c51ce12cb8c20a670 installed
systemd-libs-219-78.el7_9.9.x86_64 1701960714 1262560 73d59460fb923b5b7529550539bcb319 installed
systemd-219-78.el7_9.9.x86_64 1701960714 24448450 2357e6894ec995b104d399fdf7e7a128 installed
elfutils-default-yama-scope-0.176-5.el7.noarch 1601569823 1810 e7ff84b810bf4bb547c3d1bad7a43243 installed
python-srpm-macros-3-34.el7.noarch 1602605024 3838 99875f6f333850216863f7d91cf485ea installed
rpm-build-4.11.3-48.el7_9.x86_64 1637771619 331384 19ad69316195568dcc72ecb3c163d1a1 installed
which-2.20-7.el7.x86_64 1402367122 76962 5b0eff1739daa46a80e9908f39167c29 installed
m4-1.4.16-10.el7.x86_64 1448004487 525707 a71de093f3eba336d4fe4044fb6db349 installed
libkadm5-1.15.1-55.el7_9.x86_64 1669835018 220984 5558c939e7728d5a3b96c7938c8ca155 installed
libsepol-devel-2.5-10.el7.x86_64 1540935375 126580 7737c3c3ec497910db7bd7b4060732dd installed
libevent-2.0.21-4.el7.x86_64 1402699157 742760 460c037c2f1eb0fd8c5ce615b9b06d54 installed
autoconf-2.69-11.el7.noarch 1402379574 2320371 24e721d7349c86c3df3cf4727e598a54 installed
python-rpm-macros-3-34.el7.noarch 1602605024 4234 9c48c27d0b87e5fcf31da492d4a9125d installed
libselinux-devel-2.5-15.el7.x86_64 1585711002 194101 2292c547c9d413ad3d05d0b3e7c91b92 installed
automake-1.13.4-3.el7.noarch 1402388331 1731909 211dbf9617136d88757937007240ae9b installed
keyutils-libs-devel-1.5.8-3.el7.x86_64 1402366675 29186 89e25181b24bb62f927ee72c767b9f31 installed
openssl-devel-1:1.0.2k-26.el7_9.x86_64 1679328899 3269309 4410061fca58d0c7c33dc53051a06e8c installed
python-devel-2.7.5-94.el7_9.x86_64 1699980234 1100430 88ae6f5e90154f4915988719a2ec8d1f installed
flex-2.5.37-6.el7.x86_64 1540931478 757468 b18d609b317f948f26c59178fa9986cb installed
swig-2.0.10-5.el7.x86_64 1478362979 4926232 6f2f743e241650625c57d1012b1d7eff installed
expat-devel-2.1.0-15.el7_9.x86_64 1665060754 182002 875f5d510de28df632d6e75da154ff7c installed
gpg-pubkey-f4a80eb5-53a7ff4b 1403518795 0 (none) installed
centos-release-7-9.2009.2.el7.centos.x86_64 1716302882 45726 e7f5271460ed9e0ba8e35b2419a706da installed
filesystem-3.2-25.el7.x86_64 1523422829 0 93e1c91a2dbd4d3ac61fb70a40a7c228 installed
ncurses-base-5.9-14.20130511.el7_4.noarch 1504735709 223432 c955fdfe1f8f20b1053a34918e44bd58 installed
kernel-headers-3.10.0-1160.119.1.el7.x86_64 1717513295 3948899 40ebb8d4ce744dea6908148cceafa687 installed
nss-softokn-freebl-3.90.0-6.el7_9.x86_64 1697634121 732614 ca988acff75d1906bf58707f893761a0 installed
glibc-2.17-326.el7_9.3.x86_64 1717513546 14100922 31d2406cc6218e1d2b0dc3d60c106ff4 installed
nss-util-3.90.0-1.el7_9.x86_64 1697632868 203144 157616e92d7b9c63d284f4500bfa0da1 installed
ncurses-libs-5.9-14.20130511.el7_4.x86_64 1504735709 1028216 bba677eda5184b5127b7817d2c1dec12 installed
libsepol-2.5-10.el7.x86_64 1540935375 686640 cb2c225685a559d68fdb0e07f9b488a2 installed
libselinux-2.5-15.el7.x86_64 1585711002 217762 939b030e19f37ea46c0cdda66748fb04 installed
info-5.1-5.el7.x86_64 1523408616 494630 e1f75e40cf956ed3efe7b49c5f6939ec installed
xz-libs-5.2.2-2.el7_9.x86_64 1655304053 239983 00fab3b3934e23d8b130a49c45ada0e2 installed
libdb-5.3.21-25.el7.x86_64 1565309918 1858144 1be9acf59aae36003d65af028af67ebf installed
gmp-1:6.0.0-15.el7.x86_64 1501722795 657046 4cd60ebf94766a46c590e17036ece777 installed
libattr-2.4.46-13.el7.x86_64 1523407244 19896 209b05c7b77a33a4cc176077945833e8 installed
libcap-2.22-11.el7.x86_64 1585710513 107365 49e9db222f10b2e400a1736eb13270c6 installed
libgpg-error-1.12-3.el7.x86_64 1402390008 350865 a3933d4ce43c07fa9305e8765d78d099 installed
lua-5.1.4-15.el7.x86_64 1478400455 640319 d5973eb7ca2bb665f5fbb7141f2e27a3 installed
mpfr-3.1.1-4.el7.x86_64 1402362714 554279 4cedb227fd4730529b0874792007692b installed
libffi-3.0.13-19.el7.x86_64 1585710522 47790 61429cfa793f438e1a1ee6f71fdfd1f0 installed
libcom_err-1.42.9-19.el7.x86_64 1601481804 60425 17ce0e8ec66bb2984af53998bde8a4d2 installed
xz-5.2.2-2.el7_9.x86_64 1655304053 798420 0f112aba0442b136d7466a0dafad0127 installed
findutils-1:4.5.11-6.el7.x86_64 1540917834 1855882 162b03172dee0f90443197d424bc9be0 installed
cpio-2.11-28.el7.x86_64 1602604082 689345 4a25327c4e1ef56cbe9c481943bfebba installed
expat-2.1.0-15.el7_9.x86_64 1665060754 212427 108006565bfe6ecebc4d6e03d8b1907f installed
audit-libs-2.8.5-4.el7.x86_64 1565265980 256386 9d116ad6305cd827bdca472b2add8932 installed
sqlite-3.7.17-8.el7_7.1.x86_64 1580221787 814303 d1a1160f175ba0a0c58b28273b50e8a1 installed
tar-2:1.26-35.el7.x86_64 1540931349 2838510 28f3087e5b512d8cc05e3a8a65727686 installed
lz4-1.8.3-1.el7.x86_64 1601484911 205463 50e943f036504021a9de980b04f402c1 installed
cpp-4.8.5-44.el7.x86_64 1601433759 15636565 fc9fb686c38a12f3ea1a8a1558684fa6 installed
libassuan-2.1.0-3.el7.x86_64 1402341240 155391 c4c94aadc9da58f576b4ef238d0136cb installed
patch-2.7.1-12.el7_7.x86_64 1571788780 215353 9a704b9a2dde0e91be95a333d8d12efb installed
perl-parent-1:0.225-244.el7.noarch 1402384520 8141 d902f1a3426caa19ccbccf09263c54f6 installed
perl-podlators-2.5.1-3.el7.noarch 1402343776 287679 8e070dd716e3adf3c297291accaa4348 installed
perl-Pod-Escapes-1:1.04-299.el7_9.noarch 1612284229 21091 f740345d55e41d9a92d1308cb2891ce8 installed
perl-Encode-2.51-7.el7.x86_64 1402368585 10176350 713ce27ff4434807ff7060b333ed8873 installed
perl-Time-HiRes-4:1.9725-3.el7.x86_64 1402343844 94069 43f7c93d02750221738a8c3bc845a1ca installed
perl-Storable-2.45-3.el7.x86_64 1402367398 181031 25787b4b609f3ee50d1c7f33d29e0102 installed
perl-Filter-1.49-3.el7.x86_64 1402353954 148475 66b1205b2eef2a89137e530741ed3710 installed
perl-constant-1.27-2.el7.noarch 1402368682 26364 f3ecfa1ce48e13496322e341a3f0b72c installed
perl-macros-4:5.16.3-299.el7_9.x86_64 1612283772 5134 cc56a8cb39fd2f5c9c4e48489362539b installed
perl-File-Temp-0.23.01-3.el7.noarch 1402383789 158781 396b0a1af3a203e1cb33c98814d5a6d8 installed
perl-PathTools-3.40-5.el7.x86_64 1402373476 174131 c597987071b0f81a0029667e83e1ecae installed
perl-Scalar-List-Utils-1.27-248.el7.x86_64 1402358220 67994 2fb261c150fc06b1a978809c5a9c706e installed
perl-Pod-Simple-1:3.28-4.el7.noarch 1402365613 538320 8e5edeb936a154537062b776eb41cb7d installed
perl-4:5.16.3-299.el7_9.x86_64 1612283772 23556436 99e96640535d2b1b015f48e7e872bebc installed
libdb-utils-5.3.21-25.el7.x86_64 1565309918 322471 75032d455ebe208a62eef3f2b83af865 installed
kmod-libs-20-28.el7.x86_64 1585709895 91800 b5b5262c5f2bc70956eaab42f0b8f1ed installed
bzip2-1.0.6-13.el7.x86_64 1447995892 83791 704f597825711270b0ba2af51bebecae installed
zip-3.0-11.el7.x86_64 1478364595 815173 f49ae6270a053005b67e417123691ca7 installed
libgomp-4.8.5-44.el7.x86_64 1601433759 212144 91a373019a746039e03c07bd6e19c7d0 installed
glibc-devel-2.17-326.el7_9.3.x86_64 1717513546 1066188 81292946b4c935dc986545c3fbaa1c69 installed
libstdc++-devel-4.8.5-44.el7.x86_64 1601433759 8436804 83a577b67ba3e4fad3eb10c7c19fc381 installed
libsmartcols-2.23.2-65.el7_9.1.x86_64 1612283515 168720 7f82d20c0604f2e1d0a51da90fee5d6e installed
libsemanage-2.5-14.el7.x86_64 1540943073 302329 95dadf0074c4bbd2d63b0c6d5e6922fa installed
libtasn1-4.10-1.el7.x86_64 1501633297 424486 5bd1b0b4094fac08713f986572a8625e installed
ca-certificates-2023.2.60_v7.0.306-72.el7_9.noarch 1697462596 2313918 6309d310bbd20495bf588a5740a75e88 installed
qrencode-libs-3.4.1-3.el7.x86_64 1402343131 126732 ac1de0c46bc1886e12ea80771951cde2 installed
openssl-libs-1:1.0.2k-26.el7_9.x86_64 1679328899 3208716 5f65935362140c3ed4bd10ec987793b1 installed
krb5-libs-1.15.1-55.el7_9.x86_64 1669835018 2204184 6fee5dd63dcbfce2bc65c8bbda56cf16 installed
gzip-1.5-11.el7_9.x86_64 1652367512 250421 e5c046f2a9563b4da1c487c673334394 installed
libmount-2.23.2-65.el7_9.1.x86_64 1612283515 278157 fa861327e785c3b2e42c330fb74b65d6 installed
shared-mime-info-1.8-5.el7.x86_64 1585715455 2379876 8c66fe453adb46917cd07e47cf1ba152 installed
binutils-2.27-44.base.el7_9.1.x86_64 1635781157 25181976 0a3a905d4a30196a3967f9466893c33e installed
cracklib-dicts-2.9.0-11.el7.x86_64 1402378933 9389116 da657b0facf181893f9a38437092dbbf installed
libpwquality-1.2.3-5.el7.x86_64 1523419099 332421 e40a69f0a1803dfa3736aba2c8ea1fb4 installed
libutempter-1.1.6-4.el7.x86_64 1402365826 49749 8e28747e6a84b84af7d78c84cd8cd5e8 installed
nss-pem-1.0.3-7.el7_9.1.x86_64 1686238638 209851 55a23c3bddd2830baebc8ed233533e04 installed
nss-sysinit-3.90.0-2.el7_9.x86_64 1697721469 14110 c0fc2a5357aacd4382b4a424a531b629 installed
python-libs-2.7.5-94.el7_9.x86_64 1699980234 24719688 a9f4b8fdde6298785e7d37e87a51e175 installed
libssh2-1.8.0-4.el7_9.1.x86_64 1697462464 191496 e764fcef3453a95b6487221bcb082010 installed
curl-7.29.0-59.el7_9.2.x86_64 1702484661 540396 2283a0f2a117ea53b0cf0be6028c0898 installed
rpm-4.11.3-48.el7_9.x86_64 1637771619 2622621 f3842b6f00797306f79cbbdcb333c7e5 installed
libuser-0.60-9.el7.x86_64 1523558694 1952592 8fdd92e668b91208dfd916ebdce8a297 installed
rpm-build-libs-4.11.3-48.el7_9.x86_64 1637771619 166656 e97082bac13288d23367a872bdd0c3fc installed
util-linux-2.23.2-65.el7_9.1.x86_64 1612283515 8482896 aca5cd217dc2c0d39ef1914719f72d16 installed
device-mapper-7:1.02.170-6.el7_9.5.x86_64 1619616727 342456 511318eae506189450b1e14c1e62ebd4 installed
device-mapper-libs-7:1.02.170-6.el7_9.5.x86_64 1619616727 404687 df29966875882d5da1d7687d4a742d1b installed
dracut-033-572.el7.x86_64 1601481479 905396 d90b9b6b8f6783d83d5e2d1b09a8f632 installed
elfutils-libs-0.176-5.el7.x86_64 1601569823 808799 32fa25ce22d3a56e1459cd0592b81562 installed
dbus-libs-1:1.10.24-15.el7.x86_64 1601481306 362600 58e455028fbb88b7b18f4cfdc4b24514 installed
dbus-1:1.10.24-15.el7.x86_64 1601481306 594463 3040b3d83397504a4a52edc8330edea3 installed
elfutils-0.176-5.el7.x86_64 1601569823 835489 f43d86682eaa591b6e61b436c3a2b3fa installed
redhat-rpm-config-9.1.0-88.el7.centos.noarch 1565130322 174572 39bd397ca4fd5470144024e5e7531bd1 installed
gcc-c++-4.8.5-44.el7.x86_64 1601433759 17273811 f93d556507492d88b92cf0e5d293bb3b installed
make-1:3.82-24.el7.x86_64 1565311645 1160660 c05a8addeca9104ca654b2019a664428 installed
libcom_err-devel-1.42.9-19.el7.x86_64 1601481804 17196 45c0c41cf7edef27203a45621bd7494d installed
python2-rpm-macros-3-34.el7.noarch 1602605024 1495 a63357c8193c74d8755175b23da9ce7e installed
python-2.7.5-94.el7_9.x86_64 1699980234 80835 43d3a0663c3a41ae950f09a68a0f4df7 installed
perl-Data-Dumper-2.145-3.el7.x86_64 1402342616 99287 3d2fc7733dc839a2d9a67e2805479feb installed
zlib-devel-1.2.7-21.el7_9.x86_64 1678200548 135536 500411a3953a6ee10b8eb6390841ee37 installed
pcre-devel-8.32-17.el7.x86_64 1501643292 1505771 30c6f68dd21b31e7d1f569ea8d4c003a installed
perl-Test-Harness-3.28-3.el7.noarch 1439389340 607239 f131d5755e383c37135b023649a236b3 installed
libverto-devel-0.2.5-4.el7.x86_64 1402386261 25871 474e3916ae4568f0ec63415ecbd0afb1 installed
krb5-devel-1.15.1-55.el7_9.x86_64 1669835018 796303 cc1a7478e55df7216cccfb2654ab43d3 installed
libtool-2.4.2-22.el7_3.x86_64 1492024115 2323761 34886e5d2953afff439b5b7e9b1ca3d4 installed
libevent-devel-2.0.21-4.el7.x86_64 1402699157 365669 fcd020b397640ab885ae87ba1771e2c7 installed
bison-3.0.4-2.el7.x86_64 1540931912 2154174 c12d2d7e86d2ede2fe96c8c119c6d06d installed
byacc-1.9.20130304-3.el7.x86_64 1402343179 135161 da257ad856b5658321480e85cb7c60c2 installed
