2026-06-13 01:54:31,951 - Mock Version: 6.7
2026-06-13 01:54:31,954 - Start(bootstrap): chroot init
2026-06-13 01:54:31,993 - Start(bootstrap): cleaning package manager metadata
2026-06-13 01:54:31,994 - Finish(bootstrap): cleaning package manager metadata
2026-06-13 01:54:32,343 - Finish(bootstrap): chroot init
2026-06-13 01:54:32,343 - Start: chroot init
2026-06-13 01:54:32,347 - Start: unpacking root cache
2026-06-13 01:54:34,854 - Finish: unpacking root cache
2026-06-13 01:54:34,856 - Start: cleaning package manager metadata
2026-06-13 01:54:34,862 - Finish: cleaning package manager metadata
2026-06-13 01:54:35,377 - Start: yum update
2026-06-13 01:54:38,449 - Finish: yum update
2026-06-13 01:54:38,792 - Finish: chroot init
2026-06-13 01:54:38,792 - Start: build phase for unbound-1.16.2-5.11.el8.redadmin1.src.rpm
2026-06-13 01:54:38,793 - Start: build setup for unbound-1.16.2-5.11.el8.redadmin1.src.rpm
2026-06-13 01:54:49,024 - Finish: build setup for unbound-1.16.2-5.11.el8.redadmin1.src.rpm
2026-06-13 01:54:49,024 - Start: rpmbuild unbound-1.16.2-5.11.el8.redadmin1.src.rpm
2026-06-13 01:54:49,025 - Start: Outputting list of installed packages
2026-06-13 01:54:49,340 - Finish: Outputting list of installed packages
2026-06-13 01:55:40,472 - Finish: rpmbuild unbound-1.16.2-5.11.el8.redadmin1.src.rpm
2026-06-13 01:55:40,485 - Finish: build phase for unbound-1.16.2-5.11.el8.redadmin1.src.rpm
2026-06-13 01:55:40,487 - Finish: run
